stm32f1xx_hal_msp.c:66:6:HAL_MspInit	8	static
stm32f1xx_hal_msp.c:92:6:HAL_ADC_MspInit	40	static
stm32f1xx_hal_msp.c:144:6:HAL_ADC_MspDeInit	0	static
stm32f1xx_hal_msp.c:189:6:HAL_I2C_MspInit	32	static
stm32f1xx_hal_msp.c:225:6:HAL_I2C_MspDeInit	8	static
stm32f1xx_hal_msp.c:256:6:HAL_TIM_Base_MspInit	16	static
stm32f1xx_hal_msp.c:281:6:HAL_TIM_PWM_MspInit	8	static
stm32f1xx_hal_msp.c:297:6:HAL_TIM_MspPostInit	32	static
stm32f1xx_hal_msp.c:331:6:HAL_TIM_Base_MspDeInit	0	static
stm32f1xx_hal_msp.c:356:6:HAL_TIM_PWM_MspDeInit	0	static
stm32f1xx_hal_msp.c:378:6:HAL_UART_MspInit	32	static
stm32f1xx_hal_msp.c:412:6:HAL_UART_MspDeInit	0	static
