clcd.c:78:1:Delay	24	static
clcd.c:349:1:CLCD_Cmd4bit	16	static
clcd.c:324:1:CLCD_Cmd	8	static
clcd.c:365:1:CLCD_CursorSet	8	static
clcd.c:336:1:CLCD_Data	8	static
clcd.c:211:1:CLCD_Clear	8	static
clcd.c:218:1:CLCD_Puts	16	static
clcd.c:248:1:CLCD_DisplayOn	0	static
clcd.c:153:1:CLCD_Init	24	static,ignoring_inline_asm
clcd.c:255:1:CLCD_DisplayOff	0	static
clcd.c:262:1:CLCD_BlinkOn	0	static
clcd.c:269:1:CLCD_BlinkOff	0	static
clcd.c:276:1:CLCD_CursorOn	0	static
clcd.c:283:1:CLCD_CursorOff	0	static
clcd.c:290:1:CLCD_ScrollLeft	0	static
clcd.c:296:1:CLCD_ScrollRight	0	static
clcd.c:302:1:CLCD_CreateChar	16	static
clcd.c:316:1:CLCD_PutCustom	8	static
