09:39:10 **** Incremental Build of configuration Debug for project 012.ADC_Polling_Sequencer ****
make -j12 all 
arm-none-eabi-gcc "../Core/Src/main.c" -mcpu=cortex-m4 -std=gnu11 -g3 -DDEBUG -DUSE_HAL_DRIVER -DSTM32F401xE -c -I../Core/Inc -I../Drivers/STM32F4xx_HAL_Driver/Inc -I../Drivers/STM32F4xx_HAL_Driver/Inc/Legacy -I../Drivers/CMSIS/Device/ST/STM32F4xx/Include -I../Drivers/CMSIS/Include -O0 -ffunction-sections -fdata-sections -Wall -fstack-usage -fcyclomatic-complexity -MMD -MP -MF"Core/Src/main.d" -MT"Core/Src/main.o" --specs=nano.specs -mfpu=fpv4-sp-d16 -mfloat-abi=hard -mthumb -o "Core/Src/main.o"
arm-none-eabi-gcc -o "012.ADC_Polling_Sequencer.elf" @"objects.list"   -mcpu=cortex-m4 -T"H:\udemy\STM32-MCU-Coding-by-STM32CubeIDE\012.ADC_Polling_Sequencer\STM32F401RETX_FLASH.ld" --specs=nosys.specs -Wl,-Map="012.ADC_Polling_Sequencer.map" -Wl,--gc-sections -static --specs=nano.specs -mfpu=fpv4-sp-d16 -mfloat-abi=hard -mthumb -Wl,--start-group -lc -lm -Wl,--end-group
Finished building target: 012.ADC_Polling_Sequencer.elf
 
arm-none-eabi-size  012.ADC_Polling_Sequencer.elf 
arm-none-eabi-objdump -h -S 012.ADC_Polling_Sequencer.elf  > "012.ADC_Polling_Sequencer.list"
   text	   data	    bss	    dec	    hex	filename
  14756	    104	   2048	  16908	   420c	012.ADC_Polling_Sequencer.elf
Finished building: default.size.stdout
 
Finished building: 012.ADC_Polling_Sequencer.list
 

09:39:11 Build Finished. 0 errors, 0 warnings. (took 1s.485ms)

