06:58:50 **** Incremental Build of configuration Debug for project 016.TIM_Servo ****
make -j12 all 
arm-none-eabi-gcc "../Core/Src/main.c" -mcpu=cortex-m4 -std=gnu11 -g3 -DDEBUG -DUSE_HAL_DRIVER -DSTM32F401xE -c -I../Core/Inc -I../Drivers/STM32F4xx_HAL_Driver/Inc -I../Drivers/STM32F4xx_HAL_Driver/Inc/Legacy -I../Drivers/CMSIS/Device/ST/STM32F4xx/Include -I../Drivers/CMSIS/Include -O0 -ffunction-sections -fdata-sections -Wall -fstack-usage -fcyclomatic-complexity -MMD -MP -MF"Core/Src/main.d" -MT"Core/Src/main.o" --specs=nano.specs -mfpu=fpv4-sp-d16 -mfloat-abi=hard -mthumb -o "Core/Src/main.o"
arm-none-eabi-gcc -o "016.TIM_Servo.elf" @"objects.list"   -mcpu=cortex-m4 -T"H:\udemy\STM32-MCU-Coding-by-STM32CubeIDE\016.TIM_Servo\STM32F401RETX_FLASH.ld" --specs=nosys.specs -Wl,-Map="016.TIM_Servo.map" -Wl,--gc-sections -static --specs=nano.specs -mfpu=fpv4-sp-d16 -mfloat-abi=hard -mthumb -Wl,--start-group -lc -lm -Wl,--end-group
Finished building target: 016.TIM_Servo.elf
 
arm-none-eabi-size  016.TIM_Servo.elf 
arm-none-eabi-objdump -h -S 016.TIM_Servo.elf  > "016.TIM_Servo.list"
   text	   data	    bss	    dec	    hex	filename
  11664	     12	   1716	  13392	   3450	016.TIM_Servo.elf
Finished building: default.size.stdout
 
Finished building: 016.TIM_Servo.list
 

06:58:51 Build Finished. 0 errors, 0 warnings. (took 1s.237ms)

