17:34:55 **** Incremental Build of configuration Debug for project 011.EXTI_Encoder ****
make -j16 all 
arm-none-eabi-gcc "../Core/Src/main.c" -mcpu=cortex-m4 -std=gnu11 -g3 -DDEBUG -DUSE_HAL_DRIVER -DSTM32F401xE -c -I../Core/Inc -I../Drivers/STM32F4xx_HAL_Driver/Inc -I../Drivers/STM32F4xx_HAL_Driver/Inc/Legacy -I../Drivers/CMSIS/Device/ST/STM32F4xx/Include -I../Drivers/CMSIS/Include -O0 -ffunction-sections -fdata-sections -Wall -fstack-usage -fcyclomatic-complexity -MMD -MP -MF"Core/Src/main.d" -MT"Core/Src/main.o" --specs=nano.specs -mfpu=fpv4-sp-d16 -mfloat-abi=hard -mthumb -o "Core/Src/main.o"
arm-none-eabi-gcc -o "011.EXTI_Encoder.elf" @"objects.list"   -mcpu=cortex-m4 -T"C:\repo\STM32CubeIDE\011.EXTI_Encoder\STM32F401RETX_FLASH.ld" --specs=nosys.specs -Wl,-Map="011.EXTI_Encoder.map" -Wl,--gc-sections -static --specs=nano.specs -mfpu=fpv4-sp-d16 -mfloat-abi=hard -mthumb -Wl,--start-group -lc -lm -Wl,--end-group
Finished building target: 011.EXTI_Encoder.elf
 
arm-none-eabi-size  011.EXTI_Encoder.elf 
arm-none-eabi-objdump -h -S 011.EXTI_Encoder.elf  > "011.EXTI_Encoder.list"
   text	   data	    bss	    dec	    hex	filename
   7860	     12	   1644	   9516	   252c	011.EXTI_Encoder.elf
Finished building: default.size.stdout
 
Finished building: 011.EXTI_Encoder.list
 
17:34:57 **** Incremental Build of configuration Debug for project 011.EXTI_Encoder ****
make -j16 all 
arm-none-eabi-size  011.EXTI_Encoder.elf 
   text	   data	    bss	    dec	    hex	filename
   7860	     12	   1644	   9516	   252c	011.EXTI_Encoder.elf
Finished building: default.size.stdout
 
