12:07:43 **** Incremental Build of configuration Debug for project 000.Extra_Touch Interrupt ****
make -j12 all 
arm-none-eabi-gcc "../Core/Src/main.c" -mcpu=cortex-m4 -std=gnu11 -g3 -DDEBUG -DUSE_HAL_DRIVER -DSTM32F401xE -c -I../Core/Inc -I../Drivers/STM32F4xx_HAL_Driver/Inc -I../Drivers/STM32F4xx_HAL_Driver/Inc/Legacy -I../Drivers/CMSIS/Device/ST/STM32F4xx/Include -I../Drivers/CMSIS/Include -O0 -ffunction-sections -fdata-sections -Wall -fstack-usage -fcyclomatic-complexity -MMD -MP -MF"Core/Src/main.d" -MT"Core/Src/main.o" --specs=nano.specs -mfpu=fpv4-sp-d16 -mfloat-abi=hard -mthumb -o "Core/Src/main.o"
arm-none-eabi-gcc -o "000.Extra_Touch Interrupt.elf" @"objects.list"   -mcpu=cortex-m4 -T"H:\udemy\STM32-MCU-Coding-by-STM32CubeIDE\000.Extra_Touch Interrupt\STM32F401RETX_FLASH.ld" --specs=nosys.specs -Wl,-Map="000.Extra_Touch Interrupt.map" -Wl,--gc-sections -static --specs=nano.specs -mfpu=fpv4-sp-d16 -mfloat-abi=hard -mthumb -Wl,--start-group -lc -lm -Wl,--end-group
Finished building target: 000.Extra_Touch Interrupt.elf
 
arm-none-eabi-size  000.Extra_Touch\ Interrupt.elf 
arm-none-eabi-objdump -h -S 000.Extra_Touch\ Interrupt.elf  > "000.Extra_Touch Interrupt.list"
   text	   data	    bss	    dec	    hex	filename
   6076	     12	   1572	   7660	   1dec	000.Extra_Touch Interrupt.elf
Finished building: default.size.stdout
 
Finished building: 000.Extra_Touch Interrupt.list
 
12:07:47 **** Incremental Build of configuration Debug for project 000.Extra_Touch Interrupt ****
make -j12 all 
arm-none-eabi-size  000.Extra_Touch\ Interrupt.elf 
   text	   data	    bss	    dec	    hex	filename
   6076	     12	   1572	   7660	   1dec	000.Extra_Touch Interrupt.elf
Finished building: default.size.stdout
 
