21:47:16 **** Incremental Build of configuration Debug for project 020.I2C_EEPROM ****
make -j12 all 
arm-none-eabi-gcc "../Core/Src/main.c" -mcpu=cortex-m4 -std=gnu11 -g3 -DDEBUG -DUSE_HAL_DRIVER -DSTM32F401xE -c -I"H:/udemy/STM32-MCU-Coding-by-STM32CubeIDE/020.I2C_EEPROM/Drivers/BSP/NUCLEOEVB" -I../Core/Inc -I../Drivers/STM32F4xx_HAL_Driver/Inc -I../Drivers/STM32F4xx_HAL_Driver/Inc/Legacy -I../Drivers/CMSIS/Device/ST/STM32F4xx/Include -I../Drivers/CMSIS/Include -O0 -ffunction-sections -fdata-sections -Wall -fstack-usage -fcyclomatic-complexity -MMD -MP -MF"Core/Src/main.d" -MT"Core/Src/main.o" --specs=nano.specs -mfpu=fpv4-sp-d16 -mfloat-abi=hard -mthumb -o "Core/Src/main.o"
arm-none-eabi-gcc -o "020.I2C_EEPROM.elf" @"objects.list"   -mcpu=cortex-m4 -T"H:\udemy\STM32-MCU-Coding-by-STM32CubeIDE\020.I2C_EEPROM\STM32F401RETX_FLASH.ld" --specs=nosys.specs -Wl,-Map="020.I2C_EEPROM.map" -Wl,--gc-sections -static --specs=nano.specs -mfpu=fpv4-sp-d16 -mfloat-abi=hard -mthumb -Wl,--start-group -lc -lm -Wl,--end-group
Finished building target: 020.I2C_EEPROM.elf
 
arm-none-eabi-size  020.I2C_EEPROM.elf 
arm-none-eabi-objdump -h -S 020.I2C_EEPROM.elf  > "020.I2C_EEPROM.list"
   text	   data	    bss	    dec	    hex	filename
  17688	    104	   2064	  19856	   4d90	020.I2C_EEPROM.elf
Finished building: default.size.stdout
 
Finished building: 020.I2C_EEPROM.list
 
21:47:20 **** Incremental Build of configuration Debug for project 020.I2C_EEPROM ****
make -j12 all 
arm-none-eabi-size  020.I2C_EEPROM.elf 
   text	   data	    bss	    dec	    hex	filename
  17688	    104	   2064	  19856	   4d90	020.I2C_EEPROM.elf
Finished building: default.size.stdout
 
