17:01:28 **** Incremental Build of configuration Debug for project 014.ADC_DMA_Sequencer ****
make -j12 all 
arm-none-eabi-size  014.ADC_DMA_Sequencer.elf 
   text	   data	    bss	    dec	    hex	filename
  16920	    104	   2152	  19176	   4ae8	014.ADC_DMA_Sequencer.elf
Finished building: default.size.stdout
 
17:01:30 **** Incremental Build of configuration Debug for project 014.ADC_DMA_Sequencer ****
make -j12 all 
arm-none-eabi-size  014.ADC_DMA_Sequencer.elf 
   text	   data	    bss	    dec	    hex	filename
  16920	    104	   2152	  19176	   4ae8	014.ADC_DMA_Sequencer.elf
Finished building: default.size.stdout
 
