20:50:41 **** Build of configuration Debug for project 011.EXTI_Encoder ****
make -j12 all 
arm-none-eabi-gcc "../Core/Src/main.c" -mcpu=cortex-m4 -std=gnu11 -g3 -DDEBUG -DUSE_HAL_DRIVER -DSTM32F401xE -c -I../Core/Inc -I../Drivers/STM32F4xx_HAL_Driver/Inc -I../Drivers/STM32F4xx_HAL_Driver/Inc/Legacy -I../Drivers/CMSIS/Device/ST/STM32F4xx/Include -I../Drivers/CMSIS/Include -O0 -ffunction-sections -fdata-sections -Wall -fstack-usage -fcyclomatic-complexity -MMD -MP -MF"Core/Src/main.d" -MT"Core/Src/main.o" --specs=nano.specs -mfpu=fpv4-sp-d16 -mfloat-abi=hard -mthumb -o "Core/Src/main.o"
arm-none-eabi-gcc -o "011.EXTI_Encoder.elf" @"objects.list"   -mcpu=cortex-m4 -T"H:\udemy\STM32-MCU-Coding-by-STM32CubeIDE\011.EXTI_Encoder\STM32F401RETX_FLASH.ld" --specs=nosys.specs -Wl,-Map="011.EXTI_Encoder.map" -Wl,--gc-sections -static --specs=nano.specs -mfpu=fpv4-sp-d16 -mfloat-abi=hard -mthumb -Wl,--start-group -lc -lm -Wl,--end-group
Finished building target: 011.EXTI_Encoder.elf
 
arm-none-eabi-size  011.EXTI_Encoder.elf 
arm-none-eabi-objdump -h -S 011.EXTI_Encoder.elf  > "011.EXTI_Encoder.list"
   text	   data	    bss	    dec	    hex	filename
   7860	     12	   1644	   9516	   252c	011.EXTI_Encoder.elf
Finished building: default.size.stdout
 
Finished building: 011.EXTI_Encoder.list
 
20:50:48 **** Incremental Build of configuration Debug for project 011.EXTI_Encoder ****
make -j12 all 
arm-none-eabi-size  011.EXTI_Encoder.elf 
   text	   data	    bss	    dec	    hex	filename
   7860	     12	   1644	   9516	   252c	011.EXTI_Encoder.elf
Finished building: default.size.stdout
 
20:53:17 **** Incremental Build of configuration Debug for project 011.EXTI_Encoder ****
make -j12 all 
arm-none-eabi-size  011.EXTI_Encoder.elf 
   text	   data	    bss	    dec	    hex	filename
   7860	     12	   1644	   9516	   252c	011.EXTI_Encoder.elf
Finished building: default.size.stdout
 
20:53:22 **** Incremental Build of configuration Debug for project 011.EXTI_Encoder ****
make -j12 all 
arm-none-eabi-size  011.EXTI_Encoder.elf 
   text	   data	    bss	    dec	    hex	filename
   7860	     12	   1644	   9516	   252c	011.EXTI_Encoder.elf
Finished building: default.size.stdout
 
20:55:11 **** Incremental Build of configuration Debug for project 011.EXTI_Encoder ****
make -j12 all 
arm-none-eabi-gcc "../Core/Src/main.c" -mcpu=cortex-m4 -std=gnu11 -g3 -DDEBUG -DUSE_HAL_DRIVER -DSTM32F401xE -c -I../Core/Inc -I../Drivers/STM32F4xx_HAL_Driver/Inc -I../Drivers/STM32F4xx_HAL_Driver/Inc/Legacy -I../Drivers/CMSIS/Device/ST/STM32F4xx/Include -I../Drivers/CMSIS/Include -O0 -ffunction-sections -fdata-sections -Wall -fstack-usage -fcyclomatic-complexity -MMD -MP -MF"Core/Src/main.d" -MT"Core/Src/main.o" --specs=nano.specs -mfpu=fpv4-sp-d16 -mfloat-abi=hard -mthumb -o "Core/Src/main.o"
../Core/Src/main.c: In function 'main':
../Core/Src/main.c:119:19: warning: implicit declaration of function 'printf' [-Wimplicit-function-declaration]
  119 |                   printf("%d\n",preEncoderCnt);
      |                   ^~~~~~
../Core/Src/main.c:21:1: note: include '<stdio.h>' or provide a declaration of 'printf'
   20 | #include "main.h"
  +++ |+#include <stdio.h>
   21 | 
../Core/Src/main.c:119:19: warning: incompatible implicit declaration of built-in function 'printf' [-Wbuiltin-declaration-mismatch]
  119 |                   printf("%d\n",preEncoderCnt);
      |                   ^~~~~~
../Core/Src/main.c:119:19: note: include '<stdio.h>' or provide a declaration of 'printf'
arm-none-eabi-gcc -o "011.EXTI_Encoder.elf" @"objects.list"   -mcpu=cortex-m4 -T"H:\udemy\STM32-MCU-Coding-by-STM32CubeIDE\011.EXTI_Encoder\STM32F401RETX_FLASH.ld" --specs=nosys.specs -Wl,-Map="011.EXTI_Encoder.map" -Wl,--gc-sections -static --specs=nano.specs -mfpu=fpv4-sp-d16 -mfloat-abi=hard -mthumb -Wl,--start-group -lc -lm -Wl,--end-group
Finished building target: 011.EXTI_Encoder.elf
 
arm-none-eabi-size  011.EXTI_Encoder.elf 
arm-none-eabi-objdump -h -S 011.EXTI_Encoder.elf  > "011.EXTI_Encoder.list"
   text	   data	    bss	    dec	    hex	filename
  12740	    104	   1984	  14828	   39ec	011.EXTI_Encoder.elf
Finished building: default.size.stdout
 
Finished building: 011.EXTI_Encoder.list
 
20:55:28 **** Incremental Build of configuration Debug for project 011.EXTI_Encoder ****
make -j12 all 
arm-none-eabi-gcc "../Core/Src/main.c" -mcpu=cortex-m4 -std=gnu11 -g3 -DDEBUG -DUSE_HAL_DRIVER -DSTM32F401xE -c -I../Core/Inc -I../Drivers/STM32F4xx_HAL_Driver/Inc -I../Drivers/STM32F4xx_HAL_Driver/Inc/Legacy -I../Drivers/CMSIS/Device/ST/STM32F4xx/Include -I../Drivers/CMSIS/Include -O0 -ffunction-sections -fdata-sections -Wall -fstack-usage -fcyclomatic-complexity -MMD -MP -MF"Core/Src/main.d" -MT"Core/Src/main.o" --specs=nano.specs -mfpu=fpv4-sp-d16 -mfloat-abi=hard -mthumb -o "Core/Src/main.o"
arm-none-eabi-gcc -o "011.EXTI_Encoder.elf" @"objects.list"   -mcpu=cortex-m4 -T"H:\udemy\STM32-MCU-Coding-by-STM32CubeIDE\011.EXTI_Encoder\STM32F401RETX_FLASH.ld" --specs=nosys.specs -Wl,-Map="011.EXTI_Encoder.map" -Wl,--gc-sections -static --specs=nano.specs -mfpu=fpv4-sp-d16 -mfloat-abi=hard -mthumb -Wl,--start-group -lc -lm -Wl,--end-group
Finished building target: 011.EXTI_Encoder.elf
 
arm-none-eabi-size  011.EXTI_Encoder.elf 
arm-none-eabi-objdump -h -S 011.EXTI_Encoder.elf  > "011.EXTI_Encoder.list"
   text	   data	    bss	    dec	    hex	filename
  12740	    104	   1984	  14828	   39ec	011.EXTI_Encoder.elf
Finished building: default.size.stdout
 
Finished building: 011.EXTI_Encoder.list
 
20:55:32 **** Incremental Build of configuration Debug for project 011.EXTI_Encoder ****
make -j12 all 
arm-none-eabi-size  011.EXTI_Encoder.elf 
   text	   data	    bss	    dec	    hex	filename
  12740	    104	   1984	  14828	   39ec	011.EXTI_Encoder.elf
Finished building: default.size.stdout
 
20:56:25 **** Incremental Build of configuration Debug for project 011.EXTI_Encoder ****
make -j12 all 
arm-none-eabi-gcc "../Core/Src/main.c" -mcpu=cortex-m4 -std=gnu11 -g3 -DDEBUG -DUSE_HAL_DRIVER -DSTM32F401xE -c -I../Core/Inc -I../Drivers/STM32F4xx_HAL_Driver/Inc -I../Drivers/STM32F4xx_HAL_Driver/Inc/Legacy -I../Drivers/CMSIS/Device/ST/STM32F4xx/Include -I../Drivers/CMSIS/Include -O0 -ffunction-sections -fdata-sections -Wall -fstack-usage -fcyclomatic-complexity -MMD -MP -MF"Core/Src/main.d" -MT"Core/Src/main.o" --specs=nano.specs -mfpu=fpv4-sp-d16 -mfloat-abi=hard -mthumb -o "Core/Src/main.o"
arm-none-eabi-gcc -o "011.EXTI_Encoder.elf" @"objects.list"   -mcpu=cortex-m4 -T"H:\udemy\STM32-MCU-Coding-by-STM32CubeIDE\011.EXTI_Encoder\STM32F401RETX_FLASH.ld" --specs=nosys.specs -Wl,-Map="011.EXTI_Encoder.map" -Wl,--gc-sections -static --specs=nano.specs -mfpu=fpv4-sp-d16 -mfloat-abi=hard -mthumb -Wl,--start-group -lc -lm -Wl,--end-group
Finished building target: 011.EXTI_Encoder.elf
 
arm-none-eabi-size  011.EXTI_Encoder.elf 
arm-none-eabi-objdump -h -S 011.EXTI_Encoder.elf  > "011.EXTI_Encoder.list"
   text	   data	    bss	    dec	    hex	filename
  12744	    104	   1984	  14832	   39f0	011.EXTI_Encoder.elf
Finished building: default.size.stdout
 
Finished building: 011.EXTI_Encoder.list
 
20:56:35 **** Incremental Build of configuration Debug for project 011.EXTI_Encoder ****
make -j12 all 
arm-none-eabi-size  011.EXTI_Encoder.elf 
   text	   data	    bss	    dec	    hex	filename
  12744	    104	   1984	  14832	   39f0	011.EXTI_Encoder.elf
Finished building: default.size.stdout
 
20:58:36 **** Incremental Build of configuration Debug for project 011.EXTI_Encoder ****
make -j12 all 
arm-none-eabi-gcc "../Core/Src/main.c" -mcpu=cortex-m4 -std=gnu11 -g3 -DDEBUG -DUSE_HAL_DRIVER -DSTM32F401xE -c -I../Core/Inc -I../Drivers/STM32F4xx_HAL_Driver/Inc -I../Drivers/STM32F4xx_HAL_Driver/Inc/Legacy -I../Drivers/CMSIS/Device/ST/STM32F4xx/Include -I../Drivers/CMSIS/Include -O0 -ffunction-sections -fdata-sections -Wall -fstack-usage -fcyclomatic-complexity -MMD -MP -MF"Core/Src/main.d" -MT"Core/Src/main.o" --specs=nano.specs -mfpu=fpv4-sp-d16 -mfloat-abi=hard -mthumb -o "Core/Src/main.o"
../Core/Src/main.c: In function 'main':
../Core/Src/main.c:109:11: warning: unused variable 'Complete_Sig' [-Wunused-variable]
  109 |   uint8_t Complete_Sig = 0;
      |           ^~~~~~~~~~~~
arm-none-eabi-gcc -o "011.EXTI_Encoder.elf" @"objects.list"   -mcpu=cortex-m4 -T"H:\udemy\STM32-MCU-Coding-by-STM32CubeIDE\011.EXTI_Encoder\STM32F401RETX_FLASH.ld" --specs=nosys.specs -Wl,-Map="011.EXTI_Encoder.map" -Wl,--gc-sections -static --specs=nano.specs -mfpu=fpv4-sp-d16 -mfloat-abi=hard -mthumb -Wl,--start-group -lc -lm -Wl,--end-group
Finished building target: 011.EXTI_Encoder.elf
 
arm-none-eabi-size  011.EXTI_Encoder.elf 
arm-none-eabi-objdump -h -S 011.EXTI_Encoder.elf  > "011.EXTI_Encoder.list"
   text	   data	    bss	    dec	    hex	filename
  12748	    104	   1984	  14836	   39f4	011.EXTI_Encoder.elf
Finished building: default.size.stdout
 
Finished building: 011.EXTI_Encoder.list
 
20:58:40 **** Incremental Build of configuration Debug for project 011.EXTI_Encoder ****
make -j12 all 
arm-none-eabi-size  011.EXTI_Encoder.elf 
   text	   data	    bss	    dec	    hex	filename
  12748	    104	   1984	  14836	   39f4	011.EXTI_Encoder.elf
Finished building: default.size.stdout
 
